[    00000 Itilizi coup ubs uset[  0.000 Inialin cgrp bss cp
[   000000]niialinggrup ssycpac
  0.0000Liux vsi 4.4-1-gneri(bldd@lg1-d6-0) ccversn 4.0 1609(Ubuu 4.0-6ubuntu1~16.04.9 )14-UuntuMPonFeb  223:0UT208 (Unt4.4.1114-genic.498)[  000000]omand neBOOTMA=/oot/liz-4.0-6-ener rt=LAL=ouimg-oos o cooltty1onlettyS
[  000000]KENEsupptecps:
  0.0000  ntelennentel[  0.000  AMD thticA
  0.0000  enta Ctaurul
[   000000 x6/fp: tae_fs[2:  56,stteiz[2:  26   0.000 x6/fp: pprtin XVEeatu 01:'x fatng pntegisrs
[   0.00] 86/fpuSuorti XVEfeate 02 'SSrester
[   .0000]86fpu:uprtinXSE eatu 04:'AVXegters'
  0.0000] 6/pu: Enle xtateeare 0x7coex size  8 byt, ing taar' foat
[    0000]x86/puUsg 'ly'PUcoex swich.    0000 e82 BS-rovid ysic R mp:
  0.0000 BS-e8: em0x00000000000-00000000bf] usbl
[   0000]BI-e0:[memx00000009f0-x00000009ff]eserved
[   000000 BS-20: emx000000f000-00000000ff resrv
   0000]BIOS82 [me0x00000010000x00003fefff uble  0.0000BIS-20[mm 0x00003ff00-000000003ffff] APIat
[   .000] BI-e0: [m 000000ec000-x0000fec0ff]esered[   0.00] BI-e0:[memx000000f000-0x0000ee00f]eserd    0000 BIOe8: [mm 0x0000ff00-0x0000fffff] serv
  0.0000]  (ExutDiableprecti: tie
[    0000]SMBI 2 prent
[    0.000000] Hypervisor detected: KVM
[    0.000000] e820: last_pfn = 0x3fff0 max_arch_pfn = 0x400000000
[    0.000000] MRR: saed
  0.0000x8PA: RRdiable sppinPAintialatiotoo.[  0.000 CPUTR al blk virtlid yste
   0.000] 86/P: nfguraon0-7]WBWT UC-C B  W U U  
  0.00000]fod MP Mtae t [m 0009f0-009fff mppedat [ff880009f0
[    0.00] Scni 1ars r ow morcorrptn[   .000] RAIS [me 06a000-378fff
[  0.00000]CP Ear tlechecsu vifcati dable
[   0000] PI: RSP 0000000000 00024v0 VBO )
[  0.0000AC: SDT 000000FF030000 (1 BOX VBXSDT0000 ASL 00061)   0.000 ACP FP x00000FFF0F0004 (v VX  VBOAC000001SL 000001)
[  0.0000AC: SDT 000000FF700021F 02BOX VBBIS 0000 INT20058)
  0.0000 AI: FS 0000003F020 0004
[   00000ACPI: FAC 0000003FF02 00040[   0.00] ACPI: APIC 0x000000003FFF0240 00005C (v02 VBOX   VBOXAPIC 00000001 ASL  00000061)
[    0.000000] ACPI: SSDT 0x000000003FFF02A0 0001CC (v01 VBOX   VBOXCPUT 00000002 INTL 20100528)
[    0.000000] No NUMA configuration found
[    0.000000] Faking a node at [mem 0x0000000000000000-0x000000003ffeffff]
[    0.000000] NODE_DATA(0) allocated [mem 0x3ffeb000-0x3ffeffff]
[    0.000000] kvm-clock: Using msrs 4b564d01 and 4b564d00
[    0.000000] kvm-clock: cpu 0, msr 0:3ffe3001, primary cpu clock
[    0.000000] kvm-clo: ing sched offset of 3019777771 cycles
[    0.000000] clocksource: kvm-clock: mask: 0xffffffffffffffff max_cycles: 0x1cd42e4dffb, max_idle_ns: 881590591483 ns
[    0.000000] Zone ranges:
[    0.000000]   DMA      [mem 0x0000000000001000-0x0000000000ffffff]
[    0.000000]   DMA32    [mem 0x0000000001000000-0x000000003ffeffff]
[    0.000000]   Normal   empty
[    0.000000]  vie   emty[   0.0000Movablzo sta f ech ne[   .0000]ar mmoryno rnges
[  .0000] nde  : em 00000000000x000000000009efff]
[    0.000000]   node   0: [mem 0x0000000000100000-0x000000003ffeffff]
[    0.000000] Initmem setup node 0 [mem 0x0000000000001000-0x000000003ffeffff]
[    0.000000] ACPI: PM-Timer IO Port: 0x4008
[    0.000000] IOAPIC[0]: apic_id 2, version 32, address 0xfec00000, GSI 0-23
[  0.00000AC: NTRCVR(bus b_iq 0 ob_irq d dl)
  0.0000 AI: I_S_OR (b 0us_i 9loal_i 9ow lel
[   0.0000 Ung AI ADT)orMPconfurion foaton
  0.000000] smoo Allin2 PUs, hplugPU
[   0.0000]M: Risre navmeory:me0x000000x00000f]
[  0.0000PMReisted savemery[memx09f00x09fff]   0.000 PM:egteed noav mor: [m 000a00-00efff
   0.000 P: Rested nsa mmoy: [m 000f00x00fff][   0000] 20[mm 40000-0xebff avaab fr I vies
  0.00000] Btig paviualiedkeelon K
   0.000 closoce refediffi: sk 0xffff ma_cle 0xffff,max_les: 745962115 n
[    0.00] sep_rcu: NCP:512r_umsk_bts:5 nr_cpid2 nrodid:1
   00000] ERU:Embeed4 agespuffff00c0000 95 r81 d52 u1057
[    0.00] PVspnlk ha tleenie 26 (oer0, 46 te)
[  .00000Buil1 zonestin Ne de, moily roupg n. Tota pes 2573[   .0000]oly one:MA
[   .0000]erl ommad ne BOO_IGEbootvmnu4.4.11genec otLABEcldimgoos ro cso=ty1 cso=tty
  0.0000 P hastaleentrie 46 (oer3,3276bys)
[  .0000]emy:1068/14812K aiable85K keneco, 13K daa,99 rdata15K in, 16 bss462Kreseed0K c-rered)   0.0000SLUBHWig=64, Oer-3, injes=0,PU2, Nes
    0000 Kerl/erpa tle isoti: enle
[   0.000 Heraric RCUimemtation
[   .000] uildimadustmt  laf fouto 6
  0.0000 	U retrctngCPs frm _CS=51tor_pu_i=2
[    0.00] RC Ausing omryfor u_noutea64 nr_u_s=
[  00000] R_IRS:3024r_qs:4 1
[   0.000]onso: lor VG 825
  0.0000cool [tt1]enled[  00000] nsle [ty] nabl
  0.000000] tsc: Detected 2593.992 MHz processor
[   23.777807] Calibrating delay loop (skipped) preset value.. 5187.98 BogoMIPS (lpj=10375968)
[   24.001120] pid_max: default: 32768 minimum: 301
[   24.133076] ACPI: Core revision 20150930
[   24.254994] ACPI: 2 ACPI AML tables successfully acquired and loaded
[   24.429217] Security Framework initialized
[   24.455098] Yama: becoming mindful.
[   24.455703] AppArmor: AppArmor initialized
[   24.456421] Dentry cache hash table entries: 131072 (order: 8, 1048576 bytes)
[   24.633443] Inode-cache hash table entries: 65536 (order: 7, 524288 bytes)
[   24.842244] Mount-cache hash table entries: 2048 (order: 2, 16384 bytes)
[   25.003337] Mountpoint-cache hash table entries: 2048 (order: 2, 16384 bytes)
[   25.059992] Initializing cgroup subsys io
[   25.170970] Initializing cgroup subsys memory
[   25.297554] Initializing cgroup subsys devices
[   25.425130] Initializing cgroup subsys freezer
[   25.551346] Initializing cgroup subsys net_cls
[   25.646933] Initializing cgroup subsys perf_event
[   25.729109] Initializing cgroup subsys net_prio
[   25.729834] Initializing cgroup subsys hugetlb
[   25.730519] Initializing cgroup subsys pids
[   25.731271] CPU: Physical Processor ID: 0
[   25.731916] CPU: Processor Core ID: 0
[   25.732526] FEATURE SPEC_CTRL Not Present
[   25.734006] mce: CPU supports 0 MCE banks
[   25.779205] Last level iTLB entries: 4KB 1024, 2MB 1024, 4MB 1024
[   25.780076] Last level dTLB entries: 4KB 1024, 2MB 1024, 4MB 1024, 1GB 4
[   25.781032] Spectre V2 mitigation: Mitigation: Full generic retpoline
[   25.781954] Spectre V2 mitigation: Speculation control IBPB not-supported IBRS not-supported
[   25.784748] Freeing SMP alternatives memory: 32K
[   25.935737] ftrace: allocating 32186 entries in 126 pages
[   26.120810] smpboot: APIC(0) Converting physical 0 to logical package 0
[   26.243426] smpboot: Max logical packages: 1
[   26.375261] x2apic enabled
[   26.453227] Switched APIC routing to physical x2apic.
[   26.586101] ..TIMER: vector=0x30 apic1=0 pin1=2 apic2=-1 pin2=-1
[   26.873491] APIC calibration not consistent with PM-Timer: 101ms instead of 100ms
[   27.007897] APIC delta adjusted to PM-Timer: 6249991 (6325385)
[   27.008825] smpboot: CPU0: Intel(R) Core(TM) i7-4720HQ CPU @ 2.60GHz (family: 0x6, model: 0x3c, stepping: 0x3)
[   27.010451] Performance Events: unsupported p6 CPU model 60 no PMU driver, software events only.
[   27.011904] KVM setup paravirtual spinlock
[   27.013264] x86: Booting SMP configuration:
[   27.137008] .... node  #0, CPUs:      #1
[   27.242007] kvm-clock: cpu 1, msr 0:3ffe3041, secondary cpu clock
[   27.263064] mce: CPU supports 0 MCE banks
[   27.369412] x86: Booted up 1 node, 2 CPUs
[   27.469894] smpboot: Total of 2 processors activated (10375.96 BogoMIPS)
[   27.610214] devtmpfs: initialized
[   27.667057] evm: security.selinux
[   27.767098] evm: security.SMACK64
[   27.852093] evm: security.SMACK64EXEC
[   27.950672] evm: security.SMACK64TRANSMUTE
[   28.049278] evm: security.SMACK64MMAP
[   28.130372] evm: security.ima
[   28.190926] evm: security.capability
[   28.191723] clocksource: jiffies: mask: 0xffffffff max_cycles: 0xffffffff, max_idle_ns: 7645041785100000 ns
[   28.485595] futex hash table entries: 512 (order: 3, 32768 bytes)
[   28.579756] pinctrl core: initialized pinctrl subsystem
[   28.580640] RTC time: 12:09:03, date: 04/10/18
[   28.692813] NET: Registered protocol family 16
[   28.833312] cpuidle: using governor ladder
[   28.969280] cpuidle: using governor menu
[   29.093693] PCCT header not found.
[   29.197889] ACPI: bus type PCI registered
[   29.325367] acpiphp: ACPI Hot Plug PCI Controller Driver version: 0.5
[   29.522127] PCI: Using configuration type 1 for base access
[   29.697825] ACPI: Added _OSI(Module Device)
[   29.759234] ACPI: Added _OSI(Processor Device)
[   29.859665] ACPI: Added _OSI(3.0 _SCP Extensions)
[   29.987774] ACPI: Added _OSI(Processor Aggregator Device)
[   30.154046] ACPI: Executed 1 blocks of module-level executable AML code
[   30.360816] ACPI: Interpreter enabled
[   30.465161] ACPI: (supports S0 S5)
[   30.545775] ACPI: Using IOAPIC for interrupt routing
[   30.691511] PCI: Using host bridge windows from ACPI; if necessary, use "pci=nocrs" and report a bug
[   30.941809] ACPI: PCI Root Bridge [PCI0] (domain 0000 [bus 00-ff])
[   31.127229] acpi PNP0A03:00: _OSC: OS supports [ASPM ClockPM Segments MSI]
[   31.219466] acpi PNP0A03:00: _OSC: not requesting OS control; OS requires [ExtendedConfig ASPM ClockPM MSI]
[   31.220923] acpi PNP0A03:00: fail to add MMCONFIG information, can't access extended PCI configuration space under this bridge.
[   31.545596] PCI host bridge to bus 0000:00
[   31.663809] pci_bus 0000:00: root bus resource [io  0x0000-0x0cf7 window]
[   31.863276] pci_bus 0000:00: root bus resource [io  0x0d00-0xffff window]
[   32.065916] pci_bus 0000:00: root bus resource [mem 0x000a0000-0x000bffff window]
[   32.194248] pci_bus 0000:00: root bus resource [mem 0x40000000-0xfdffffff window]
[   32.418330] pci_bus 0000:00: root bus resource [bus 00-ff]
[   32.560432] pci 0000:00:01.1: legacy IDE quirk: reg 0x10: [io  0x01f0-0x01f7]
[   32.743482] pci 0000:00:01.1: legacy IDE quirk: reg 0x14: [io  0x03f6]
[   32.854291] pci 0000:00:01.1: legacy IDE quirk: reg 0x18: [io  0x0170-0x0177]
[   32.961114] pci 0000:00:01.1: legacy IDE quirk: reg 0x1c: [io  0x0376]
[   33.145086] pci 0000:00:07.0: quirk: [io  0x4000-0x403f] claimed by PIIX4 ACPI
[   33.342078] pci 0000:00:07.0: quirk: [io  0x4100-0x410f] claimed by PIIX4 SMB
[   33.563476] ACPI: PCI Interrupt Link [LNKA] (IRQs 5 9 10 *11)
[   33.705674] ACPI: PCI Interrupt Link [LNKB] (IRQs 5 9 *10 11)
[   33.739794] ACPI: PCI Interrupt Link [LNKC] (IRQs 5 *9 10 11)
[   33.741006] ACPI: PCI Interrupt Link [LNKD] (IRQs 5 9 10 *11)
[   33.785671] ACPI: Enabled 2 GPEs in block 00 to 07
[   33.786763] vgaarb: setting as boot device: PCI:0000:00:02.0
[   33.787635] vgaarb: device added: PCI:0000:00:02.0,decodes=io+mem,owns=io+mem,locks=none
[   33.788909] vgaarb: loaded
[   33.789439] vgaarb: bridge control possible 0000:00:02.0
[   33.790412] SCSI subsystem initialized
[   33.791146] ACPI: bus type USB registered
[   33.881735] usbcore: registered new interface driver usbfs
[   33.985945] usbcore: registered new interface driver hub
[   34.161891] usbcore: registered new device driver usb
[   34.295120] PCI: Using ACPI for IRQ routing
[   34.418261] NetLabel: Initializing
[   34.521581] NetLabel:  domain hash size = 128
[   34.649791] NetLabel:  protocols = UNLABELED CIPSOv4
[   34.779814] NetLabel:  unlabeled traffic allowed by default
[   34.951662] amd_nb: Cannot enumerate AMD northbridges
[   35.048587] clocksource: Switched to clocksource kvm-clock
[   31894Aprm: pAorilysm abd  5.89] p:nP AI it
[ 36805]npPnAC: un3 vis
[   36.569857] clocksource: acpi_pm: mask: 0xffffff max_cycles: 0xffffff, max_idle_ns: 2085701024 ns
[   36.800736] NET: Registered protocol family 2
[   36.887555] TCP established hash table entries: 8192 (order: 4, 65536 bytes)
[   36.888545] TCP bind hash table entries: 8192 (order: 5, 131072 bytes)
[   36.911762] TCP: Hash tables configured (established 8192 bind 8192)
[   36.912680] UDP hash table entries: 512 (order: 2, 16384 bytes)
[   36.940010] UDP-Lite hash table entries: 512 (order: 2, 16384 bytes)
[   37.085650] NET: Registered protocol family 1
[   37.109869] pci 0000:00:00.0: Limiting direct PCI/PCI transfers
[   37.110787] pci 0000:00:01.0: Activating ISA DMA hang workarounds
[   37.204936] Unpacking initramfs...
[   38.717787] Freeing initrd memory: 10844K
[   38.834467] RAPL PMU detected, API unit is 2^-32 Joules, 4 fixed counters 10737418240 ms ovfl timer
[   38.927184] hw unit of domain pp0-core 2^-0 Joules
[   38.929338] hw unit of domain package 2^-0 Joules
[   38.930052] hw unit of domain dram 2^-0 Joules
[   38.930737] hw unit of domain pp1-gpu 2^-0 Joules
[   38.931502] platform rtc_cmos: registered platform RTC device (no PNP device found)
[   38.937209] Scanning for low memory corruption every 60 seconds
[   38.941284] audit: initializing netlink subsys (disabled)
[   38.979041] audit: type=2000 audit(1523362124.024:1): initialized
[   39.052156] Initialise system trusted keyring
[   39.053027] HugeTLB registered 2 MB page size, pre-allocated 0 pages
[   39.161340] zbud: loaded
[   39.211035] VFS: Disk quotas dquot_6.6.0
[   39.288234] VFS: Dquot-cache hash table entries: 512 (order 0, 4096 bytes)
[   39.309062] squashfs: version 4.0 (2009/01/31) Phillip Lougher
[   39.310137] fuse init (API version 7.23)
[   39.412469] Key type big_key registered
[   39.525397] Allocating IMA MOK and blacklist keyrings.
[   39.643072] Key type asymmetric registered
[   39.708551] Asymmetric key parser 'x509' registered
[   39.783135] Block layer SCSI generic (bsg) driver version 0.4 loaded (major 249)
[   39.828851] io scheduler noop registered
[   39.829497] io scheduler deadline registered (default)
[   39.830315] io scheduler cfq registered
[   39.831118] pci_hotplug: PCI Hot Plug PCI Core version: 0.5
[   39.906725] pciehp: PCI Express Hot Plug Controller Driver version: 0.4
[   40.039320] tsc: Refined TSC clocksource calibration: 2595.186 MHz
[   40.045023] ACPI: AC Adapter [AC] (on-line)
[   40.045067] input: Power Button as /devices/LNXSYSTM:00/LNXPWRBN:00/input/input0
[   40.045069] ACPI: Power Button [PWRF]
[   40.045143] input: Sleep Button as /devices/LNXSYSTM:00/LNXSLPBN:00/input/input1
[   40.045144] ACPI: Sleep Button [SLPF]
[   40.045751] ACPI: Battery Slot [BAT0] (battery present)
[   40.045774] GHES: HEST is not enabled!
[   40.234128] Serial: 8250/16550 driver, 32 ports, IRQ sharing enabled
[   40.293754] 00:02: ttyS0 at I/O 0x3f8 (irq = 4, base_baud = 115200) is a 16550A
[   40.328575] Linux agpgart interface v0.103
[   40.502391] loop: module loaded
[   40.503171] scsi host0: ata_piix
[   40.503303] scsi host1: ata_piix
[   40.503352] ata1: PATA max UDMA/33 cmd 0x1f0 ctl 0x3f6 bmdma 0xd000 irq 14
[   40.503354] ata2: PATA max UDMA/33 cmd 0x170 ctl 0x376 bmdma 0xd008 irq 15
[   40.503534] libphy: Fixed MDIO Bus: probed
[   40.503538] tun: Universal TUN/TAP device driver, 1.6
[   40.503538] tun: (C) 1999-2004 Max Krasnyansky <maxk@qualcomm.com>
[   40.503950] PPP generic driver version 2.4.2
[   40.504016] ehci_hcd: USB 2.0 'Enhanced' Host Controller (EHCI) Driver
[   40.504020] ehci-pci: EHCI PCI platform driver
[   40.504029] ehci-platform: EHCI generic platform driver
[   40.504038] ohci_hcd: USB 1.1 'Open' Host Controller (OHCI) Driver
[   40.504041] ohci-pci: OHCI PCI platform driver
[   40.504051] ohci-platform: OHCI generic platform driver
[   40.504059] uhci_hcd: USB Universal Host Controller Interface driver
[   40.504116] i8042: PNP: PS/2 Controller [PNP0303:PS2K,PNP0f03:PS2M] at 0x60,0x64 irq 1,12
[   40.504607] serio: i8042 KBD port at 0x60,0x64 irq 1
[   40.504611] serio: i8042 AUX port at 0x60,0x64 irq 12
[   40.504725] mousedev: PS/2 mouse device common for all mice
[   40.505059] input: AT Translated Set 2 keyboard as /devices/platform/i8042/serio0/input/input2
[   40.505436] rtc_cmos rtc_cmos: rtc core: registered rtc_cmos as rtc0
[   40.505504] rtc_cmos rtc_cmos: alarms up to one day, 114 bytes nvram
[   40.505510] i2c /dev entries driver
[   40.505573] device-mapper: uevent: version 1.0.3
[   40.505632] device-mapper: ioctl: 4.34.0-ioctl (2015-10-28) initialised: dm-devel@redhat.com
[   40.505652] ledtrig-cpu: registered to indicate activity on CPUs
[   40.506201] NET: Registered protocol family 10
[   40.506334] NET: Registered protocol family 17
[   40.506344] Key type dns_resolver registered
[   40.506524] microcode: CPU0 sig=0x306c3, pf=0x40, revision=0x0
[   40.568785] microcode: CPU1 sig=0x306c3, pf=0x40, revision=0x0
[   40.568877] microcode: Microcode Update Driver: v2.01 <tigran@aivazian.fsnet.co.uk>, Peter Oruba
[   40.569010] registered taskstats version 1
[   40.569021] Loading compiled-in X.509 certificates
[   40.569577] Loaded X.509 cert 'Build time autogenerated kernel key: aa84f01984fbd529c105810b59e379d349698248'
[   40.569597] zswap: loaded using pool lzo/zbud
[   40.570923] Key type trusted registered
[   40.573225] Key type encrypted registered
[   40.573229] AppArmor: AppArmor sha1 policy hashing enabled
[   40.573231] ima: No TPM chip found, activating TPM-bypass!
[   40.573245] evm: HMAC attrs: 0x1
[   40.573468]   Magic number: 14:625:177
[   40.683445] rtc_cmos rtc_cmos: setting system clock to 2018-04-10 12:09:15 UTC (1523362155)
[   40.683567] BIOS EDD facility v0.16 2004-Jun-25, 0 devices found
[   40.683567] EDD information not available.
[ 42240] cocoue:scma: fffffffff x_cls:x2878c, x_les:405326ns
[   43.976919] Freeing unused kernel memory: 1508K
[   44.101488] Write protecting the kernel read-only data: 14336k
[   44.265024] Freeing unused kernel memory: 1700K
[   44.402838] Freeing unused kernel memory: 104K
Loading, please [   44.544306] random: systemd-udevd: uninitialized urandom read (16 bytes read, 4 bits of entropy available)
wait...
startin[   44.545650] random: udevadm: uninitialized urandom read (16 bytes read, 4 bits of entropy available)
g version 229
[   44.545679] random: udevadm: uninitialized urandom read (16 bytes read, 4 bits of entropy available)
[   44.557102] random: udevadm: uninitialized urandom read (16 bytes read, 4 bits of entropy available)
[   44.557153] random: udevadm: uninitialized urandom read (16 bytes read, 4 bits of entropy available)
[   44.557394] random: udevadm: uninitialized urandom read (16 bytes read, 4 bits of entropy available)
[   44.557481] random: udevadm: uninitialized urandom read (16 bytes read, 4 bits of entropy available)
[   44.557565] random: udevadm: uninitialized urandom read (16 bytes read, 4 bits of entropy available)
[   44.557651] random: udevadm: uninitialized urandom read (16 bytes read, 4 bits of entropy available)
[   44.557730] random: udevadm: uninitialized urandom read (16 bytes read, 4 bits of entropy available)
[   46.671689] e1000: Intel(R) PRO/1000 Network Driver - version 7.3.21-k8-NAPI
[   46.741204] e1000: Copyright (c) 1999-2006 Intel Corporation.
[   46.758442] AVX2 version of gcm_enc/dec engaged.
[   46.772888] Fusion MPT base driver 3.04.20
[   46.772888] Copyright (c) 1999-2008 LSI Corporation
[   47.104976] AES CTR mode by8 optimization enabled
[   47.225305] input: ImExPS/2 Generic Explorer Mouse as /devices/platform/i8042/serio1/input/input4
[   47.252393] Fusion MPT SPI Host driver 3.04.20
[   47.556276] e1000 0000:00:03.0 eth0: (PCI:33MHz:32-bit) 02:27:b7:20:75:f7
[   47.647732] e1000 0000:00:03.0 eth0: Intel(R) PRO/1000 Network Connection
[   47.655995] mptbase: ioc0: Initiating bringup
[   47.656101] e1000 0000:00:03.0 enp0s3: renamed from eth0
[   47.815361] ioc0: LSI53C1030 A0: Capabilities={Initiator}
[   49.555829] scsi host2: ioc0: LSI53C1030 A0, FwRev=00000000h, Ports=1, MaxQ=256, IRQ=20
[   50.351422] floppy0: no floppy controllers found
[   50.461213] scsi 2:0:0:0: Direct-Access     VBOX     HARDDISK         1.0  PQ: 0 ANSI: 5
[   50.461218] scsi target2:0:0: Beginning Domain Validation
[   50.462215] scsi target2:0:0: Domain Validation skipping write tests
[   50.462216] scsi target2:0:0: Ending Domain Validation
[   50.462242] scsi target2:0:0: asynchronous
[   50.462501] scsi 2:0:1:0: Direct-Access     VBOX     HARDDISK         1.0  PQ: 0 ANSI: 5
[   50.462504] scsi target2:0:1: Beginning Domain Validation
[   50.463109] scsi target2:0:1: Domain Validation skipping write tests
[   50.463110] scsi target2:0:1: Ending Domain Validation
[   50.463136] scsi target2:0:1: asynchronous
[   50.476365] sd 2:0:0:0: Attached scsi generic sg0 type 0
[   50.476450] sd 2:0:0:0: [sda] 20971520 512-byte logical blocks: (10.7 GB/10.0 GiB)
[   50.476689] sd 2:0:1:0: Attached scsi generic sg1 type 0
[   50.476748] sd 2:0:1:0: [sdb] 20480 512-byte logical blocks: (10.5 MB/10.0 MiB)
[   50.476757] sd 2:0:0:0: [sda] Write Protect is off
[   50.477303] sd 2:0:0:0: [sda] Incomplete mode parameter data
[   50.477304] sd 2:0:0:0: [sda] Assuming drive cache: write through
[   50.477357] sd 2:0:1:0: [sdb] Write Protect is off
[   50.477575] sd 2:0:1:0: [sdb] Incomplete mode parameter data
[   50.477576] sd 2:0:1:0: [sdb] Assuming drive cache: write through
[   50.480980]  sda: sda1
[   50.481931] sd 2:0:0:0: [sda] Attached SCSI disk
[   50.482030] sd 2:0:1:0: [sdb] Attached SCSI disk
Begin: Loading e[   54.051216] md: linear personality registered for level -1
ssential drivers[   54.228312] md: multipath personality registered for level -4
 ... [   54.399373] md: raid0 personality registered for level 0
[   54.536010] md: raid1 personality registered for level 1
[   54.740635] raid6: sse2x1   gen() 10222 MB/s
[   54.920772] raid6: sse2x1   xor()  7992 MB/s
[   55.104902] raid6: sse2x2   gen() 12975 MB/s
[   55.260600] raid6: sse2x2   xor()  8713 MB/s
[   55.460684] raid6: sse2x4   gen() 14781 MB/s
[   55.648830] raid6: sse2x4   xor() 10479 MB/s
[   55.832958] raid6: avx2x1   gen() 19791 MB/s
[   55.956596] raid6: avx2x2   gen() 22430 MB/s
[   56.168683] raid6: avx2x4   gen() 25381 MB/s
[   56.308620] raid6: using algorithm avx2x4 gen() 25381 MB/s
[   56.457725] raid6: using avx2x2 recovery algorithm
[   56.599005] xor: automatically using best checksumming function:
[   56.688593]    avx       : 22370.000 MB/sec
[   56.696640] async_tx: api initialized (async)
[   56.711712] md: raid6 personality registered for level 6
[   56.837540] md: raid5 personality registered for level 5
[   56.895582] md: raid4 personality registered for level 4
[   57.059975] md: raid10 personality registered for level 10
done.
Begin: Running /scripts/init-premount ... done.
Begin: Mounting root file system ... Begin: Running /scripts/lo[   57.200807] Btrfs loaded
cal-top ... done.
Begin: Running /scripts/local-premount ... Scanning for Btrfs filesystems
done.
Warning: fsck no[   57.239287] EXT4-fs (sda1): mounted filesystem with ordered data mode. Opts: (null)
t present, so skipping root file system
done.
Begin: Running /scripts/local-bottom ... done.
Begin: Running /scripts/init-bottom ... done.
[   57.549359] systemd[1]: systemd 229 running in system mode. (+PAM +AUDIT +SELINUX +IMA +APPARMOR +SMACK +SYSVINIT +UTMP +LIBCRYPTSETUP +GCRYPT +GNUTLS +ACL +XZ -LZ4 +SECCOMP +BLKID +ELFUTILS +KMOD -IDN)
[   57.871549] systemd[1]: Detected virtualization oracle.
[   57.897300] systemd[1]: Detected architecture x86-64.

Welcome to [1mUbuntu 16.04.4 LTS[0m!

[   57.906271] systemd[1]: Set hostname to <ubuntu>.
[   57.920821] systemd[1]: Initializing machine ID from random generator.
[   58.105172] systemd[1]: Installed transient /etc/machine-id file.
[   58.372923] systemd[1]: Created slice User and Session Slice.
[[0;32m  OK  [0m] Created slice User and Session Slice.
[   58.566062] systemd[1]: Set up automount Arbitrary Executable File Formats File Sstemutou Poit.
[[0;32m  OK  [0m] Set up automount Arbitrary Executab...ats File System Automount Point.
[ 5888880]ysmd]:eaedtarg Ur d ou NamLoup
[[0;32m  OK  [0m] Reached target User and Group Name Lookups.
[ 59371]yste[1 Lteing  L2 llaen cket

[[0;32m  OK  [0m] Listening on LVM2 poll daemon socket.
[  63121syem1]Lienngn everl ck.
[[0;32m  OK  [0m] Listening on udev Kernel Socket.
[   60.969463] systemd[1]: Listening on Device-mapper event daemon FIFOs.
[[0;32m  OK  [0m] Listening on Device-mapper event daemon FIFOs.
[   .964 ste[1 Lisni oJona Aitoct.
[[0;32m  OK  [0m] Listening on Journal Audit Socket.
[ 61645]systd[: arte Fwa Pswd qusts to Wall Directory Watch.
[[0;32m  OK  [0m] Started Forward Password Requests to Wall Directory Watch.
[  64003] ysmd]:isning on evContoloct.
[[0;32m  OK  [0m] Listening on udev Control Socket.
[   62.988977] systemd[1]: Reached target Swap.
[[0;32m  OK  [0m] Reached target Swap.
[   63.006500] systemd[1]: Started Trigger resolvconf update for networkd DNS.
[[0;32m  OK  [0m] Started Trigger resolvconf update for networkd DNS.
[ 63649]systmd]:isni on ysg oct.
[[0;32m  OK  [0m] Listening on Syslog Socket.
[ 63377]ystemd]:isnig  L2 etatdaonsockt.
[[0;32m  OK  [0m] Listening on LVM2 metadata daemon socket.
[  63212syte[1 Ltengn url ocke(/v/g).
[[0;32m  OK  [0m] Listening on Journal Socket (/dev/log).
[   649948syte[1 Ceatesle st Sce

[[0;32m  OK  [0m] Created slice System Slice.
[ 65539]ysmd]: Cead icsystm-ri\xgey.ic.
[[0;32m  OK  [0m] Created slice system-serial\x2dgetty.slice.
[ 66007]ysmd]:eaedaretSlic.
[[0;32m  OK  [0m] Reached target Slices.
[ 664928] stmd]:Litengn Journal Socke
[[0;32m  OK  [0m] Listening on Journal Socket.
[   67.352761] systemd[1]: Starting Load Kernel Modules...
[   67.511531] random: nonblocking pool is initialized
         [   67.593453] Loading iSCSI transport class v2.0-870.
Starting Load Ke[   67.723478] iscsi: registered transport (tcp)
rnel Modules...
[   67.857752] iscsi: registered transport (iser)
[   67.972987] systemd[1]: Starting Nameserver information manager...
         Starting Nameserver information manager...
[   68.220742] systemd[1]: Mounting POSIX Message Queue File System...
         Mounting POSIX Message Queue File System...
[   68.468721] systemd[1]: Starting Uncomplicated firewall...
         Starting Uncomplicated firewall...
[   68.604724] systemd[1]: Mounting Debug File System...
         Mounting Debug File System...
[   68.757180] systemd[1]: Starting Remount Root and Kernel File Systems...
[   68.762212] EXT4-fs (sda1): re-mounted. Opts: (null)
         Starting Remount Root and Kernel File Systems...
[   68.812031] systemd[1]: Starting Monitoring of LVM2 mirrors, snapshots etc. using dmeventd or progress polling...
         Starting Monitoring of LVM2 mirrors... dmeventd or progress polling...
[   68.860750] systemd[1]: Starting Set console keymap...
         Starting Set console keymap...
[   69.021539] systemd[1]: Starting Create list of required static device nodes for the current kernel...
         Starting Create list of required st... nodes for the current kernel...
[   69.309263] systemd[1]: Listening on /dev/initctl Compatibility Named Pipe.
[[0;32m  OK  [0m] Listening on /dev/initctl Compatibility Named Pipe.
[   69.333614] systemd[1]: Mounting Huge Pages File System...
         Mounting Huge Pages File System...
[   69.346230] systemd[1]: Starting Journal Service...
         Starting Journal Service...
[   69.349209] systemd[1]: Reached target Encrypted Volumes.
[[0;32m  OK  [0m] Reached target Encrypted Volumes.
[   69.445477] systemd[1]: Mounted POSIX Message Queue File System.
[[0;32m  OK  [0m] Mounted POSIX Message Queue File System.
[   69.684751] systemd[1]: Mounted Huge Pages File System.
[[0;32m  OK  [0m] Mounted Huge Pages File System.
[   69.825209] systemd[1]: Mounted Debug File System.
[[0;32m  OK  [0m] Mounted Debug File System.
[   69.852900] systemd[1]: Started Journal Service.
[[0;32m  OK  [0m] Started Journal Service.
[[0;32m  OK  [0m] Started Load Kernel Modules.
[[0;32m  OK  [0m] Started Uncomplicated firewall.
[[0;32m  OK  [0m] Started Remount Root and Kernel File Systems.
[[0;32m  OK  [0m] Started Set console keymap.
[[0;32m  OK  [0m] Started Create list of required sta...ce nodes for the current kernel.
[[0;32m  OK  [0m] Started Nameserver information manager.
[[0;32m  OK  [0m] Started LVM2 metadata daemon.
         Starting Create Static Device Nodes in /dev...
         Starting Load/Save Random Seed...
         Starting Initial cloud-init job (pre-networking)...
         Starting udev Coldplug all Devices...
         Mounting FUSE Control File System...
         Starting Apply Kernel Variables...
         Starting Flush Journal to Persistent Storage...
[[0;32m  OK  [0m] Mounted FUSE Control File System.
[[0;32m  OK  [0m] Started Create Static Device Nodes in /dev.
[[0;32m  OK  [0m] Started Load/Save Random Seed.
[[0;32m  OK  [0m] Started Apply Kernel Variables.
[[0;32m  OK  [0m] Started udev Coldplug all Devices.
         Starting udev Kernel Device Manager...
[[0;32m  OK  [0m] Started udev Kernel Device Manager.
[[0;32m  OK  [0m] Started Monitoring of LVM2 mirrors,...ng dmeventd or progress polling.
[[0;32m  OK  [0m] Started Flush Journal to Persistent Storage.
[[0;32m  OK  [0m] Started Dispatch Password Requests to Console Directory Watch.
[[0;32m  OK  [0m] Reached target Local File Systems (Pre).
[[0;32m  OK  [0m] Reached target Local File Systems.
         Starting Set console font and keymap...
         Starting Tell Plymouth To Write Out Runtime Data...
         Starting LSB: AppArmor initialization...
         Starting Commit a transient machine-id on disk...
         Starting Create Volatile Files and Directories...
[[0;32m  OK  [0m] Started Tell Plymouth To Write Out Runtime Data.
[[0;32m  OK  [0m] Started Create Volatile Files and Directories.
[[0;32m  OK  [0m] Started Commit a transient machine-id on disk.
[[0;32m  OK  [0m] Found device /dev/ttyS0.
[[0;32m  OK  [0m] Reached target System Time Synchronized.
         Starting Update UTMP about System Boot/Shutdown...
[[0;32m  OK  [0m] Started Update UTMP about System Boot/Shutdown.
[[0;32m  OK  [0m] Listening on Load/Save RF Kill Switch Status /dev/rfkill Watch.
[   37.022499] cloud-init[449]: Cloud-init v. 17.1 running 'init-local' at Tue, 10 Apr 2018 12:09:45 +0000. Up 36.62 seconds.
[[0;32m  OK  [0m] Started Initial cloud-init job (pre-networking).
[[0;32m  OK  [0m] Started LSB: AppArmor initialization.
[[0;32m  OK  [0m] Reached target Network (Pre).
         Starting Raise network interfaces...
[[0;32m  OK  [0m] Started Set console font and keymap.
[[0;32m  OK  [0m] Created slice system-getty.slice.
[[0;32m  OK  [0m] Started Raise network interfaces.
         Starting Initial cloud-init job (metadata service crawler)...
[[0;32m  OK  [0m] Reached target Network.
[   40.457515] cloud-init[937]: Cloud-init v. 17.1 running 'init' at Tue, 10 Apr 2018 12:09:49 +0000. Up 39.83 seconds.
[[0;32m  OK  [0m] Started Initial cloud-init job (metadata service crawler).
[[0;32m  OK  [0m] Reached target Network is Online.
[   40.574460] cloud-init[937]: ci-info: +++++++++++++++++++++++++++++++++++++Net device info++++++++++++++++++++++++++++++++++++++
[   40.904839] cloud-init[937]: ci-info: +--------+------+----------------------------+---------------+-------+-------------------+
[   41.044465] cloud-init[937]: ci-info: | Device |  Up  |          Address           |      Mask     | Scope |     Hw-Address    |
         Starting iSCSI initiator daemon (iscsid)...
[[0;32m  OK  [0m] Reached target Cloud-config availability.
[[0;32m  OK  [0m] Reached target System Initialization.
[   41.187306] cloud-init[937]: ci-info: +--------+------+----------------------------+---------------+-------+-------------------+
[   41.516412] cloud-init[937]: ci-info: | enp0s3 | True |         10.0.2.15          | 255.255.255.0 |   .   | 02:27:b7:20:75:f7 |
[   41.528749] cloud-init[937]: ci-info: | enp0s3 | True | fe80::27:b7ff:fe20:75f7/64 |       .       |  link | 02:27:b7:20:75:f7 |
[[0;32m  OK  [0m] Started Timer to automatically refresh installed snaps.
[[0;32m  OK  [0m] Listening on ACPID Listen Socket.
[[0;32m  OK  [0m] Started Daily apt download activities.
[   41.619832] cloud-init[937]: ci-info: |   lo   | True |         127.0.0.1          |   255.0.0.0   |   .   |         .         |
[   41.796348] cloud-init[937]: ci-info: |   lo   | True |          ::1/128           |       .       |  host |         .         |
[   41.952737] cloud-init[937]: ci-info: +--------+------+----------------------------+---------------+-------+-------------------+
[   42.072668] cloud-init[937]: ci-info: +++++++++++++++++++++++++++Route IPv4 info++++++++++++++++++++++++++++
         Starting LXD - unix socket.
[[0;32m  OK  [0m] Listening on D-Bus System Message Bus Socket.
[   42.077094] cloud-init[937]: ci-info: +-------+-------------+----------+---------------+-----------+-------+
[   42.081779] cloud-init[937]: ci-info: | Route | Destination | Gateway  |    Genmask    | Interface | Flags |
[   42.099950] cloud-init[937]: ci-info: +-------+-------------+----------+---------------+-----------+-------+
[[0;32m  OK  [0m] Started ACPI Events Check.
[[0;32m  OK  [0m] Reached target Paths.
         [   42.245342] Starting Socket activation for snappy daemon.cloud-init
[937]: ci-info: |   0   |   0.0.0.0   | 10.0.2.2 |    0.0.0.0    |   enp0s3  |   UG  |
[   42.468654] cloud-init[937]: ci-info: |   1   |   10.0.2.0  | 0.0.0.0  | 255.255.255.0 |   enp0s3  |   U   |
[   42.468960] cloud-init[937]: ci-info: +-------+-------------+----------+---------------+-----------+-------+
[[0;32m  OK  [0m] Started Daily apt upgrade and clean activities.
[   42.469381] cloud-init[937]: Generating public/private rsa key pair.
[   42.486655] cloud-init[937]: Your identification has been saved in /etc/ssh/ssh_host_rsa_key.
[[0;32m  OK  [0m] Started Daily Cleanup of Temporary Directories.
[   42.486763] cloud-init[937]: Your public key has been saved in /etc/ssh/ssh_host_rsa_key.pub.
[   42.504686] cloud-init[937]: The key fingerprint is:
[[0;32m  OK  [0m] Reached target Timers.
[   42.504787] cloud-init[937]: SHA256:JJbQzMcGkNRZr0IVDgc3D5g1KDp68cB0u88u5obDe84 root@ubuntu-xenial
[   42.692674] cloud-init[937]: The key's randomart image is:
[[0;32m  OK  [0m] Listening on UUID daemon activation socket.
[   42.692775] cloud-init[937]: +---[RSA 2048]----+
[   43.084554] cloud-init[937]: |   .+B+@@.       |
[   43.084869] cloud-init[937]: |  . +.XB+*       |
[[0;32m  OK  [0m] Listening on LXD - unix socket.
[   43.085009] cloud-init[937]: | o o o=oo o      |
[   43.244955] cloud-init[937]: |  * .o o .       |
[[0;32m  OK  [0m] Listening on Socket activation for snappy daemon.
[[   43.245054] cloud-init[937]: | . = .. S        |
[   43.419453] cloud-init[937]: |. . o  .         |
[0;32m  OK  [0m] Started iSCSI initiator daemon (iscsid).
[   43.419555] cloud-init[937]: | o . o           |
[   43.624264] cloud-init[937]: |  +.= o          |
[   43.624580] cloud-init[937]: |  .OEo.          |
         Starting Login to default iSCSI targets...
[   43.624713] cloud-init[937]: +----[SHA256]-----+
[   43.816544] cloud-init[937]: Generating public/private dsa key pair.
[[0;32m  OK  [0m] Reached target Sockets.
[   43.816645] cloud-init[937]: Your identification has been saved in /etc/ssh/ssh_host_dsa_key.
[   43.829306] cloud-init[937]: Your public key has been saved in /etc/ssh/ssh_host_dsa_key.pub.
[[0;32m  OK  [0m] Reached target Basic System.
[   43.829402] cloud-init[937]: The key fingerprint is:
[   44.120652] cloud-init[937]: SHA256:xx/l6cd7a9EKy2s7qenEaQb3ZFpNCPadyveXo8uGiNs root@ubuntu-xenial
[   44.120972] cloud-init[937]: The key's randomart image is:
[[0;32m  OK  [0m] Started D-Bus System Message Bus.
[   44.121110] cloud-init[937]: +---[DSA 1024]----+
[   44.125486] cloud-init[937]: |          o      |
[   44.126472] cloud-init[937]: |         . o o . |
[   44.127729] cloud-init[937]: |            o =  |
[   44.129110] cloud-init[937]: |         . . * . |
[   44.130085] cloud-init[937]: |        S + B = .|
[   44.168970] cloud-init[937]: |         = O.+ +o|
         Starting LSB: Record successful boot for GRUB...
[   44.169384] cloud-init[937]: |        . O.++.+*|
[   44.258531] cloud-init[937]: |       ..= oB.oo=|
[   44.258925] cloud-init[937]: |       ..E+o+Booo|
         Starting Accounts Service...
[   44.259130] cloud-init[937]: +----[SHA256]-----+
         Starting LSB: MD monitoring daemon...[   44.332550] cloud-init[937]: Generating public/private ecdsa key pair.
[   44.332709] cloud-init[937]: Your identification has been saved in /etc/ssh/ssh_host_ecdsa_key.
[   44.332818] cloud-init[937]: Your public key has been saved in /etc/ssh/ssh_host_ecdsa_key.pub.
[   44.332922] cloud-init[937]: The key fingerprint is:
[   44.333016] cloud-init[937]: SHA256:JTIxiMocd6YmPfN/fA1zy/NR/4ZZ5ffD8TU1O4tA0Ak root@ubuntu-xenial
[   44.333132] cloud-init[937]: The key's randomart image is:
[   44.333228] cloud-init[937]: +---[ECDSA 256]---+
[   44.333368] cloud-init[937]: |   . .o  Eo .    |
[   44.333475] cloud-init[937]: | ....o o . o     |
[   44.333591] cloud-init[937]: |o.+ + o . o      |
[   44.333957] cloud-init[937]: |.+ *   o o .   .o|
[   44.334052] cloud-init[937]: |  o +   S .    .*|
[   44.334169] cloud-init[937]: |     .     + . =B|
[   44.334257] cloud-init[937]: |      . .   B +=@|
[   44.334347] cloud-init[937]: |       . o . *o+*|
[   44.334457] cloud-init[937]: |        . .   ooo|
[   44.334546] cloud-init[937]: +----[SHA256]-----+
[   44.334663] cloud-init[937]: Generating public/private ed25519 key pair.
[   44.334748] cloud-init[937]: Your identification has been saved in /etc/ssh/ssh_host_ed25519_key.
[   44.334843] cloud-init[937]: Your public key has been saved in /etc/ssh/ssh_host_ed25519_key.pub.
[   44.334925] cloud-init[937]: The key fingerprint is:
[   44.335005] cloud-init[937]: SHA256:t3+mXB575UVH3dMsNv8y5b1shg8FECrKD9l6ZR0frDg root@ubuntu-xenial
[   44.335118] cloud-init[937]: The key's randomart image is:
[   44.335207] cloud-init[937]: +--[ED25519 256]--+
[   44.335294] cloud-init[937]: |           o.  .+|
[   44.335379] cloud-init[937]: |          . o +.*|
[   44.335461] cloud-init[937]: |       . . . = =.|
[   44.335545] cloud-init[937]: |    . + . o + o =|
[   44.335660] cloud-init[937]: |     = .SE.o . =+|
[   44.335744] cloud-init[937]: |      + o...  + *|
[   44.335831] cloud-init[937]: |     . o  .  .=++|
[   44.335923] cloud-init[937]: |      .    o ++Bo|

[   44.336580] cloud-init[937]: |            ++*o |
         Starting System Logging Service...
[   45.580202] cloud-init[937]: +----[SHA256]-----+
[[0;32m  OK  [0m] Started Deferred execution scheduler.
[[0;32m  OK  [0m] Started Unattended Upgrades Shutdown.
         Starting Snappy daemon...
[[0;32m  OK  [0m] Started Regular background program processing daemon.
         Starting Login Service...
         Starting Apply the settings specified in cloud-config...
         Starting /etc/rc.local Compatibility...
[[0;32m  OK  [0m] Started FUSE filesystem for LXC.
[[0;32m  OK  [0m] Started ACPI event daemon.
         Starting Pollinate to seed the pseudo random number generator...
         Starting LXD - container startup/shutdown...
[[0;32m  OK  [0m] Started System Logging Service.
[[0;32m  OK  [0m] Started Snappy daemon.
[[0;32m  OK  [0m] Started /etc/rc.local Compatibility.
[[0;32m  OK  [0m] Started LXD - container startup/shutdown.
[   46.322022] cloud-init[1072]: Generating locales (this might take a while)...
[[0;32m  OK  [0m] Started LSB: Record successful boot for GRUB.
[[0;32m  OK  [0m] Started LSB: MD monitoring daemon.
[[0;32m  OK  [0m] Started Login to default iSCSI targets.
         Starting Authenticate and Authorize Users to Run Privileged Tasks...
[[0;32m  OK  [0m] Reached target Remote File Systems (Pre).
[[0;32m  OK  [0m] Reached target Remote File Systems.
         Starting LSB: automatic crash report generation...
         Starting LSB: daemon to balance interrupts for SMP systems...
         Starting LSB: Set the CPU Frequency Scaling governor to "ondemand"...
         Starting Permit User Sessions...
         Starting LSB: VirtualBox Linux Additions...
[[0;32m  OK  [0m] Started Pollinate to seed the pseudo random number generator.
[[0;32m  OK  [0m] Started Permit User Sessions.
[[0;32m  OK  [0m] Started Login Service.
[[0;32m  OK  [0m] Started Authenticate and Authorize Users to Run Privileged Tasks.
[[0;32m  OK  [0m] Started Accounts Service.
[[0;32m  OK  [0m] Started LSB: Set the CPU Frequency Scaling governor to "ondemand".
[[0;32m  OK  [0m] Started LSB: automatic crash report generation.
[[0;32m  OK  [0m] Started LSB: daemon to balance interrupts for SMP systems.
         Starting Terminate Plymouth Boot Screen...
         Starting Hold until boot process finishes up...
         Starting OpenBSD Secure Shell server...
[[0;32m  OK  [0m] Started OpenBSD Secure Shell server.
[[0;32m  OK  [0m] Started LSB: VirtualBox Linux Additions.
[[0;32m  OK  [0m] Started Terminate Plymouth Boot Screen.
[[0;32m  OK  [0m] Started Hold until boot process finishes up.
[[0;32m  OK  [0m] Started Getty on tty1.
[[0;32m  OK  [0m] Started Serial Getty on ttyS0.
[[0;32m  OK  [0m] Reached target Login Prompts.
[   47.466824] cloud-init[1072]:   en_US.UTF-8... done
         Starting Set console scheme...
[[0;32m  OK  [0m] Reached target Multi-User System.
[[0;32m  OK  [0m] Reached target Graphical Interface.
[   47.538897] cloud-init[1072]: Generation complete.
         Starting Update UTMP about System Runlevel Changes...
[[0;32m  OK  [0m] Started Set console scheme.
[[0;32m  OK  [0m] Started Update UTMP about System Runlevel Changes.
[   47.821574] cloud-init[1072]: Cloud-init v. 17.1 running 'modules:config' at Tue, 10 Apr 2018 12:09:55 +0000. Up 46.12 seconds.
[[0;32m  OK  [0m] Started Apply the settings specified in cloud-config.
         Starting Execute cloud user/final scripts...
ci-info: no authorized ssh keys fingerprints found for user ubuntu.
<14>Apr 10 12:09:57 ec2: 
<14>Apr 10 12:09:57 ec2: #############################################################
<14>Apr 10 12:09:57 ec2: -----BEGIN SSH HOST KEY FINGERPRINTS-----
<14>Apr 10 12:09:57 ec2: 1024 SHA256:xx/l6cd7a9EKy2s7qenEaQb3ZFpNCPadyveXo8uGiNs root@ubuntu-xenial (DSA)
<14>Apr 10 12:09:57 ec2: 256 SHA256:JTIxiMocd6YmPfN/fA1zy/NR/4ZZ5ffD8TU1O4tA0Ak root@ubuntu-xenial (ECDSA)
<14>Apr 10 12:09:57 ec2: 256 SHA256:t3+mXB575UVH3dMsNv8y5b1shg8FECrKD9l6ZR0frDg root@ubuntu-xenial (ED25519)
<14>Apr 10 12:09:57 ec2: 2048 SHA256:JJbQzMcGkNRZr0IVDgc3D5g1KDp68cB0u88u5obDe84 root@ubuntu-xenial (RSA)
<14>Apr 10 12:09:57 ec2: -----END SSH HOST KEY FINGERPRINTS-----
<14>Apr 10 12:09:57 ec2: #############################################################
-----BEGIN SSH HOST KEY KEYS-----
ecdsa-sha2-nistp256 AAAAE2VjZHNhLXNoYTItbmlzdHAyNTYAAAAIbmlzdHAyNTYAAABBBCszWwTAat1pqPj5ms3hveZu2zMwWE0N+IeHOwpdQA/cp4oMIsuI0b5TsqywzzohmlUsalLsmCEAgoqpQidzl5U= root@ubuntu-xenial
ssh-ed25519 AAAAC3NzaC1lZDI1NTE5AAAAIKDSyab1WZspKA0fD8jxaldfjfDLqMtxyLgtY75DwElB root@ubuntu-xenial
ssh-rsa AAAAB3NzaC1yc2EAAAADAQABAAABAQCxLSSfJ8TUV9EUFW+kyyTojdYxk396r8eAHgF7rw573rmhtfKsk/3or6CIfAjbqyb1zenSKnYk9J8FsXPwMYONCOeaHNKsnnvZuWcdfbJ/TObgKjoFjoWE5xIvrNwQrQta9Iz7h0Kw3xVsEU96+0vky4uAsHpUjFOqGzYuAqIT1kTha+AKTcl64NGntK2YE64aHzKsBt+faIym4sTVP7RVksnfyb4hfN4CtKtGktywbQnTf0fNF88oTuo2IzKgJnIIWqRJIq9bfx7fpDMrkAFaNxWNk754LFidEydd0FrQ/xvwieu4x5UD4eWoUJSJDxBuxSQAicvjPiGFpL12WzNX root@ubuntu-xenial
-----END SSH HOST KEY KEYS-----
[[0;32m  OK  [0m] Created slice User Slice of vagrant.
[   49.671556] cloud-init[1293]: Cloud-init v. 17.1 running 'modules:final' at Tue, 10 Apr 2018 12:09:57 +0000. Up 48.29 seconds.
[   49.828812] cloud-init[1293]: ci-info: no authorized ssh keys fingerprints found for user ubuntu.
[   49.829253] cloud-init[1293]: Cloud-init v. 17.1 finished at Tue, 10 Apr 2018 12:09:59 +0000. Datasource DataSourceNoCloud [seed=/dev/sdb][dsmode=net].  Up 49.66 seconds
[[0;32m  OK  [0m] Started Execute cloud user/final scripts.
[[0;32m  OK  [0m] Started Session 1 of user vagrant.
         Starting User Manager for UID 1000...
[[0;32m  OK  [0m] Reached target Cloud-init target.
[[0;32m  OK  [0m] Started User Manager for UID 1000.

Ubuntu 16.04.4 LTS ubuntu-xenial ttyS0

ubuntu-xenial login: 